Archive member included to satisfy reference by file (symbol)

D:/STM32/STM32CubeIDE_1.13.2/STM32CubeIDE/plugins/com.st.stm32cube.ide.mcu.externaltools.gnu-tools-for-stm32.11.3.rel1.win32_1.1.1.202309131626/tools/bin/../lib/gcc/arm-none-eabi/11.3.1/../../../../arm-none-eabi/lib/thumb/v7e-m+fp/hard\libc_nano.a(libc_a-exit.o)
                              D:/STM32/STM32CubeIDE_1.13.2/STM32CubeIDE/plugins/com.st.stm32cube.ide.mcu.externaltools.gnu-tools-for-stm32.11.3.rel1.win32_1.1.1.202309131626/tools/bin/../lib/gcc/arm-none-eabi/11.3.1/../../../../arm-none-eabi/lib/thumb/v7e-m+fp/hard/crt0.o (exit)
D:/STM32/STM32CubeIDE_1.13.2/STM32CubeIDE/plugins/com.st.stm32cube.ide.mcu.externaltools.gnu-tools-for-stm32.11.3.rel1.win32_1.1.1.202309131626/tools/bin/../lib/gcc/arm-none-eabi/11.3.1/../../../../arm-none-eabi/lib/thumb/v7e-m+fp/hard\libc_nano.a(libc_a-findfp.o)
                              D:/STM32/STM32CubeIDE_1.13.2/STM32CubeIDE/plugins/com.st.stm32cube.ide.mcu.externaltools.gnu-tools-for-stm32.11.3.rel1.win32_1.1.1.202309131626/tools/bin/../lib/gcc/arm-none-eabi/11.3.1/../../../../arm-none-eabi/lib/thumb/v7e-m+fp/hard\libc_nano.a(libc_a-exit.o) (__stdio_exit_handler)
D:/STM32/STM32CubeIDE_1.13.2/STM32CubeIDE/plugins/com.st.stm32cube.ide.mcu.externaltools.gnu-tools-for-stm32.11.3.rel1.win32_1.1.1.202309131626/tools/bin/../lib/gcc/arm-none-eabi/11.3.1/../../../../arm-none-eabi/lib/thumb/v7e-m+fp/hard\libc_nano.a(libc_a-fwalk.o)
                              D:/STM32/STM32CubeIDE_1.13.2/STM32CubeIDE/plugins/com.st.stm32cube.ide.mcu.externaltools.gnu-tools-for-stm32.11.3.rel1.win32_1.1.1.202309131626/tools/bin/../lib/gcc/arm-none-eabi/11.3.1/../../../../arm-none-eabi/lib/thumb/v7e-m+fp/hard\libc_nano.a(libc_a-findfp.o) (_fwalk_sglue)
D:/STM32/STM32CubeIDE_1.13.2/STM32CubeIDE/plugins/com.st.stm32cube.ide.mcu.externaltools.gnu-tools-for-stm32.11.3.rel1.win32_1.1.1.202309131626/tools/bin/../lib/gcc/arm-none-eabi/11.3.1/../../../../arm-none-eabi/lib/thumb/v7e-m+fp/hard\libc_nano.a(libc_a-stdio.o)
                              D:/STM32/STM32CubeIDE_1.13.2/STM32CubeIDE/plugins/com.st.stm32cube.ide.mcu.externaltools.gnu-tools-for-stm32.11.3.rel1.win32_1.1.1.202309131626/tools/bin/../lib/gcc/arm-none-eabi/11.3.1/../../../../arm-none-eabi/lib/thumb/v7e-m+fp/hard\libc_nano.a(libc_a-findfp.o) (__sread)
D:/STM32/STM32CubeIDE_1.13.2/STM32CubeIDE/plugins/com.st.stm32cube.ide.mcu.externaltools.gnu-tools-for-stm32.11.3.rel1.win32_1.1.1.202309131626/tools/bin/../lib/gcc/arm-none-eabi/11.3.1/../../../../arm-none-eabi/lib/thumb/v7e-m+fp/hard\libc_nano.a(libc_a-memset.o)
                              D:/STM32/STM32CubeIDE_1.13.2/STM32CubeIDE/plugins/com.st.stm32cube.ide.mcu.externaltools.gnu-tools-for-stm32.11.3.rel1.win32_1.1.1.202309131626/tools/bin/../lib/gcc/arm-none-eabi/11.3.1/../../../../arm-none-eabi/lib/thumb/v7e-m+fp/hard/crt0.o (memset)
D:/STM32/STM32CubeIDE_1.13.2/STM32CubeIDE/plugins/com.st.stm32cube.ide.mcu.externaltools.gnu-tools-for-stm32.11.3.rel1.win32_1.1.1.202309131626/tools/bin/../lib/gcc/arm-none-eabi/11.3.1/../../../../arm-none-eabi/lib/thumb/v7e-m+fp/hard\libc_nano.a(libc_a-closer.o)
                              D:/STM32/STM32CubeIDE_1.13.2/STM32CubeIDE/plugins/com.st.stm32cube.ide.mcu.externaltools.gnu-tools-for-stm32.11.3.rel1.win32_1.1.1.202309131626/tools/bin/../lib/gcc/arm-none-eabi/11.3.1/../../../../arm-none-eabi/lib/thumb/v7e-m+fp/hard\libc_nano.a(libc_a-stdio.o) (_close_r)
D:/STM32/STM32CubeIDE_1.13.2/STM32CubeIDE/plugins/com.st.stm32cube.ide.mcu.externaltools.gnu-tools-for-stm32.11.3.rel1.win32_1.1.1.202309131626/tools/bin/../lib/gcc/arm-none-eabi/11.3.1/../../../../arm-none-eabi/lib/thumb/v7e-m+fp/hard\libc_nano.a(libc_a-reent.o)
                              D:/STM32/STM32CubeIDE_1.13.2/STM32CubeIDE/plugins/com.st.stm32cube.ide.mcu.externaltools.gnu-tools-for-stm32.11.3.rel1.win32_1.1.1.202309131626/tools/bin/../lib/gcc/arm-none-eabi/11.3.1/../../../../arm-none-eabi/lib/thumb/v7e-m+fp/hard\libc_nano.a(libc_a-closer.o) (errno)
D:/STM32/STM32CubeIDE_1.13.2/STM32CubeIDE/plugins/com.st.stm32cube.ide.mcu.externaltools.gnu-tools-for-stm32.11.3.rel1.win32_1.1.1.202309131626/tools/bin/../lib/gcc/arm-none-eabi/11.3.1/../../../../arm-none-eabi/lib/thumb/v7e-m+fp/hard\libc_nano.a(libc_a-impure.o)
                              D:/STM32/STM32CubeIDE_1.13.2/STM32CubeIDE/plugins/com.st.stm32cube.ide.mcu.externaltools.gnu-tools-for-stm32.11.3.rel1.win32_1.1.1.202309131626/tools/bin/../lib/gcc/arm-none-eabi/11.3.1/../../../../arm-none-eabi/lib/thumb/v7e-m+fp/hard\libc_nano.a(libc_a-reent.o) (_impure_ptr)
D:/STM32/STM32CubeIDE_1.13.2/STM32CubeIDE/plugins/com.st.stm32cube.ide.mcu.externaltools.gnu-tools-for-stm32.11.3.rel1.win32_1.1.1.202309131626/tools/bin/../lib/gcc/arm-none-eabi/11.3.1/../../../../arm-none-eabi/lib/thumb/v7e-m+fp/hard\libc_nano.a(libc_a-lseekr.o)
[...]
Memory Configuration

Name             Origin             Length             Attributes
RAM              0x0000000020000000 0x0000000000010000 xrw
RAM2             0x0000000010000000 0x0000000000004000 xrw
FLASH            0x0000000008000000 0x0000000000040000 xr
*default*        0x0000000000000000 0xffffffffffffffff

Linker script and memory map

LOAD D:/STM32/STM32CubeIDE_1.13.2/STM32CubeIDE/plugins/com.st.stm32cube.ide.mcu.externaltools.gnu-tools-for-stm32.11.3.rel1.win32_1.1.1.202309131626/tools/bin/../lib/gcc/arm-none-eabi/11.3.1/thumb/v7e-m+fp/hard/crti.o
LOAD D:/STM32/STM32CubeIDE_1.13.2/STM32CubeIDE/plugins/com.st.stm32cube.ide.mcu.externaltools.gnu-tools-for-stm32.11.3.rel1.win32_1.1.1.202309131626/tools/bin/../lib/gcc/arm-none-eabi/11.3.1/thumb/v7e-m+fp/hard/crtbegin.o
LOAD D:/STM32/STM32CubeIDE_1.13.2/STM32CubeIDE/plugins/com.st.stm32cube.ide.mcu.externaltools.gnu-tools-for-stm32.11.3.rel1.win32_1.1.1.202309131626/tools/bin/../lib/gcc/arm-none-eabi/11.3.1/../../../../arm-none-eabi/lib/thumb/v7e-m+fp/hard/crt0.o
LOAD ./Core/Lib/Moduli/AX12a/AX12a.o
LOAD ./Core/Lib/Moduli/Odometrija/Odometrija.o
LOAD ./Core/Lib/Moduli/Senzor/Senzor.o
LOAD ./Core/Lib/Moduli/Strategije/Strategije.o
LOAD ./Core/Lib/Periferije/IO/IO.o
LOAD ./Core/Lib/Periferije/Tajmer/Tajmer.o
LOAD ./Core/Lib/Periferije/UART/UART.o
LOAD ./Core/Src/main.o
LOAD ./Core/Src/stm32l4xx_hal_msp.o
LOAD ./Core/Src/stm32l4xx_it.o
LOAD ./Core/Src/syscalls.o
LOAD ./Core/Src/sysmem.o
LOAD ./Core/Src/system_stm32l4xx.o
LOAD ./Core/Startup/startup_stm32l432kcux.o
LOAD ./Drivers/STM32L4xx_HAL_Driver/Src/stm32l4xx_hal.o
LOAD ./Drivers/STM32L4xx_HAL_Driver/Src/stm32l4xx_hal_cortex.o
LOAD ./Drivers/STM32L4xx_HAL_Driver/Src/stm32l4xx_hal_dma.o
LOAD ./Drivers/STM32L4xx_HAL_Driver/Src/stm32l4xx_hal_dma_ex.o
LOAD ./Drivers/STM32L4xx_HAL_Driver/Src/stm32l4xx_hal_exti.o
LOAD ./Drivers/STM32L4xx_HAL_Driver/Src/stm32l4xx_hal_flash.o
LOAD ./Drivers/STM32L4xx_HAL_Driver/Src/stm32l4xx_hal_flash_ex.o
LOAD ./Drivers/STM32L4xx_HAL_Driver/Src/stm32l4xx_hal_flash_ramfunc.o
LOAD ./Drivers/STM32L4xx_HAL_Driver/Src/stm32l4xx_hal_gpio.o
LOAD ./Drivers/STM32L4xx_HAL_Driver/Src/stm32l4xx_hal_pwr.o
LOAD ./Drivers/STM32L4xx_HAL_Driver/Src/stm32l4xx_hal_pwr_ex.o
LOAD ./Drivers/STM32L4xx_HAL_Driver/Src/stm32l4xx_hal_rcc.o
LOAD ./Drivers/STM32L4xx_HAL_Driver/Src/stm32l4xx_hal_rcc_ex.o
START GROUP
LOAD D:/STM32/STM32CubeIDE_1.13.2/STM32CubeIDE/plugins/com.st.stm32cube.ide.mcu.externaltools.gnu-tools-for-stm32.11.3.rel1.win32_1.1.1.202309131626/tools/bin/../lib/gcc/arm-none-eabi/11.3.1/../../../../arm-none-eabi/lib/thumb/v7e-m+fp/hard\libc_nano.a
LOAD D:/STM32/STM32CubeIDE_1.13.2/STM32CubeIDE/plugins/com.st.stm32cube.ide.mcu.externaltools.gnu-tools-for-stm32.11.3.rel1.win32_1.1.1.202309131626/tools/bin/../lib/gcc/arm-none-eabi/11.3.1/../../../../arm-none-eabi/lib/thumb/v7e-m+fp/hard\libm.a
END GROUP
START GROUP
LOAD D:/STM32/STM32CubeIDE_1.13.2/STM32CubeIDE/plugins/com.st.stm32cube.ide.mcu.externaltools.gnu-tools-for-stm32.11.3.rel1.win32_1.1.1.202309131626/tools/bin/../lib/gcc/arm-none-eabi/11.3.1/thumb/v7e-m+fp/hard\libgcc.a
LOAD D:/STM32/STM32CubeIDE_1.13.2/STM32CubeIDE/plugins/com.st.stm32cube.ide.mcu.externaltools.gnu-tools-for-stm32.11.3.rel1.win32_1.1.1.202309131626/tools/bin/../lib/gcc/arm-none-eabi/11.3.1/../../../../arm-none-eabi/lib/thumb/v7e-m+fp/hard\libc_nano.a
END GROUP
START GROUP
LOAD D:/STM32/STM32CubeIDE_1.13.2/STM32CubeIDE/plugins/com.st.stm32cube.ide.mcu.externaltools.gnu-tools-for-stm32.11.3.rel1.win32_1.1.1.202309131626/tools/bin/../lib/gcc/arm-none-eabi/11.3.1/thumb/v7e-m+fp/hard\libgcc.a
LOAD D:/STM32/STM32CubeIDE_1.13.2/STM32CubeIDE/plugins/com.st.stm32cube.ide.mcu.externaltools.gnu-tools-for-stm32.11.3.rel1.win32_1.1.1.202309131626/tools/bin/../lib/gcc/arm-none-eabi/11.3.1/../../../../arm-none-eabi/lib/thumb/v7e-m+fp/hard\libc_nano.a
LOAD D:/STM32/STM32CubeIDE_1.13.2/STM32CubeIDE/plugins/com.st.stm32cube.ide.mcu.externaltools.gnu-tools-for-stm32.11.3.rel1.win32_1.1.1.202309131626/tools/bin/../lib/gcc/arm-none-eabi/11.3.1/../../../../arm-none-eabi/lib/thumb/v7e-m+fp/hard\libnosys.a
END GROUP
START GROUP
LOAD D:/STM32/STM32CubeIDE_1.13.2/STM32CubeIDE/plugins/com.st.stm32cube.ide.mcu.externaltools.gnu-tools-for-stm32.11.3.rel1.win32_1.1.1.202309131626/tools/bin/../lib/gcc/arm-none-eabi/11.3.1/thumb/v7e-m+fp/hard\libgcc.a
LOAD D:/STM32/STM32CubeIDE_1.13.2/STM32CubeIDE/plugins/com.st.stm32cube.ide.mcu.externaltools.gnu-tools-for-stm32.11.3.rel1.win32_1.1.1.202309131626/tools/bin/../lib/gcc/arm-none-eabi/11.3.1/../../../../arm-none-eabi/lib/thumb/v7e-m+fp/hard\libc_nano.a
LOAD D:/STM32/STM32CubeIDE_1.13.2/STM32CubeIDE/plugins/com.st.stm32cube.ide.mcu.externaltools.gnu-tools-for-stm32.11.3.rel1.win32_1.1.1.202309131626/tools/bin/../lib/gcc/arm-none-eabi/11.3.1/../../../../arm-none-eabi/lib/thumb/v7e-m+fp/hard\libnosys.a
END GROUP
LOAD D:/STM32/STM32CubeIDE_1.13.2/STM32CubeIDE/plugins/com.st.stm32cube.ide.mcu.externaltools.gnu-tools-for-stm32.11.3.rel1.win32_1.1.1.202309131626/tools/bin/../lib/gcc/arm-none-eabi/11.3.1/thumb/v7e-m+fp/hard/crtend.o
LOAD D:/STM32/STM32CubeIDE_1.13.2/STM32CubeIDE/plugins/com.st.stm32cube.ide.mcu.externaltools.gnu-tools-for-stm32.11.3.rel1.win32_1.1.1.202309131626/tools/bin/../lib/gcc/arm-none-eabi/11.3.1/thumb/v7e-m+fp/hard/crtn.o
                0x0000000020010000                _estack = (ORIGIN (RAM) + LENGTH (RAM))
                0x0000000000000200                _Min_Heap_Size = 0x200
                0x0000000000000400                _Min_Stack_Size = 0x400

.isr_vector     0x0000000008000000      0x18c
                0x0000000008000000                . = ALIGN (0x4)
 *(.isr_vector)
 .isr_vector    0x0000000008000000      0x18c ./Core/Startup/startup_stm32l432kcux.o
                0x0000000008000000                g_pfnVectors
                0x000000000800018c                . = ALIGN (0x4)

.text           0x000000000800018c     0x1ef8
                0x000000000800018c                . = ALIGN (0x4)
 *(.text)
 .text          0x000000000800018c       0x40 D:/STM32/STM32CubeIDE_1.13.2/STM32CubeIDE/plugins/com.st.stm32cube.ide.mcu.externaltools.gnu-tools-for-stm32.11.3.rel1.win32_1.1.1.202309131626/tools/bin/../lib/gcc/arm-none-eabi/11.3.1/thumb/v7e-m+fp/hard/crtbegin.o
 *(.text*)
 .text.ax_angle_move
                0x00000000080001cc       0xb2 ./Core/Lib/Moduli/AX12a/AX12a.o
                0x00000000080001cc                ax_angle_move
 .text.ax_wheel_mode
                0x000000000800027e       0x6a ./Core/Lib/Moduli/AX12a/AX12a.o
                0x000000000800027e                ax_wheel_mode
 .text.sensor_Init
                0x00000000080002e8        0xc ./Core/Lib/Moduli/Senzor/Senzor.o
                0x00000000080002e8                sensor_Init
 .text.sensor_IO_init
                0x00000000080002f4       0x40 ./Core/Lib/Moduli/Senzor/Senzor.o
 .text.sensor_JedanJedini
                0x0000000008000334       0x30 ./Core/Lib/Moduli/Senzor/Senzor.o
                0x0000000008000334                sensor_JedanJedini
 .text.tactic_yellow_2
                0x0000000008000364      0x484 ./Core/Lib/Moduli/Strategije/Strategije.o
                0x0000000008000364                tactic_yellow_2
 .text.interrupted_func
                0x00000000080007e8       0x2c ./Core/Lib/Moduli/Strategije/Strategije.o
 .text.io       0x0000000008000814       0x14 ./Core/Lib/Periferije/IO/IO.o
                0x0000000008000814                io
 .text.portC_init
                0x0000000008000828       0x20 ./Core/Lib/Periferije/IO/IO.o
 .text.portB_init
                0x0000000008000848       0x60 ./Core/Lib/Periferije/IO/IO.o
 .text.portA_init
                0x00000000080008a8       0x8c ./Core/Lib/Periferije/IO/IO.o
 .text.IO_cinc  0x0000000008000934       0x4c ./Core/Lib/Periferije/IO/IO.o
                0x0000000008000934                IO_cinc
 .text.tajmer_init
                0x0000000008000980        0xc ./Core/Lib/Periferije/Tajmer/Tajmer.o
                0x0000000008000980                tajmer_init
 .text.tim2_init
                0x000000000800098c       0xc0 ./Core/Lib/Periferije/Tajmer/Tajmer.o
 .text.TajmerDelay
                0x0000000008000a4c       0x34 ./Core/Lib/Periferije/Tajmer/Tajmer.o
                0x0000000008000a4c                TajmerDelay
 .text.TIM2_IRQHandler
                0x0000000008000a80       0x68 ./Core/Lib/Periferije/Tajmer/Tajmer.o
                0x0000000008000a80                TIM2_IRQHandler
 .text.UART_init
                0x0000000008000ae8        0xc ./Core/Lib/Periferije/UART/UART.o
                0x0000000008000ae8                UART_init
 .text.UART1_init
                0x0000000008000af4      0x27c ./Core/Lib/Periferije/UART/UART.o
 .text.UART_send_byte
                0x0000000008000d70       0x3c ./Core/Lib/Periferije/UART/UART.o
                0x0000000008000d70                UART_send_byte
 .text.UART_write
                0x0000000008000dac       0xb0 ./Core/Lib/Periferije/UART/UART.o
                0x0000000008000dac                UART_write
 .text.USART1_IRQHandler
                0x0000000008000e5c       0x28 ./Core/Lib/Periferije/UART/UART.o
                0x0000000008000e5c                USART1_IRQHandler
 .text.main     0x0000000008000e84       0x50 ./Core/Src/main.o
                0x0000000008000e84                main
 .text.SystemClock_Config
                0x0000000008000ed4       0xa4 ./Core/Src/main.o
                0x0000000008000ed4                SystemClock_Config
 .text.Error_Handler
                0x0000000008000f78        0xa ./Core/Src/main.o
                0x0000000008000f78                Error_Handler
 *fill*         0x0000000008000f82        0x2 
 .text.HAL_MspInit
                0x0000000008000f84       0x48 ./Core/Src/stm32l4xx_hal_msp.o
                0x0000000008000f84                HAL_MspInit
 .text.NMI_Handler
                0x0000000008000fcc        0x6 ./Core/Src/stm32l4xx_it.o
                0x0000000008000fcc                NMI_Handler
 .text.HardFault_Handler
                0x0000000008000fd2        0x6 ./Core/Src/stm32l4xx_it.o
                0x0000000008000fd2                HardFault_Handler
 .text.MemManage_Handler
                0x0000000008000fd8        0x6 ./Core/Src/stm32l4xx_it.o
                0x0000000008000fd8                MemManage_Handler
 .text.BusFault_Handler
                0x0000000008000fde        0x6 ./Core/Src/stm32l4xx_it.o
                0x0000000008000fde                BusFault_Handler
 .text.UsageFault_Handler
                0x0000000008000fe4        0x6 ./Core/Src/stm32l4xx_it.o
                0x0000000008000fe4                UsageFault_Handler
 .text.SVC_Handler
                0x0000000008000fea        0xe ./Core/Src/stm32l4xx_it.o
                0x0000000008000fea                SVC_Handler
 .text.DebugMon_Handler
                0x0000000008000ff8        0xe ./Core/Src/stm32l4xx_it.o
                0x0000000008000ff8                DebugMon_Handler
 .text.PendSV_Handler
                0x0000000008001006        0xe ./Core/Src/stm32l4xx_it.o
                0x0000000008001006                PendSV_Handler
 .text.SysTick_Handler
                0x0000000008001014        0xc ./Core/Src/stm32l4xx_it.o
                0x0000000008001014                SysTick_Handler
 .text.SystemInit
                0x0000000008001020       0x24 ./Core/Src/system_stm32l4xx.o
                0x0000000008001020                SystemInit
 .text.Reset_Handler
                0x0000000008001044       0x50 ./Core/Startup/startup_stm32l432kcux.o
                0x0000000008001044                Reset_Handler
 .text.Default_Handler
                0x0000000008001094        0x2 ./Core/Startup/startup_stm32l432kcux.o
                0x0000000008001094                RTC_Alarm_IRQHandler
                0x0000000008001094                EXTI2_IRQHandler
                0x0000000008001094                TIM1_CC_IRQHandler
                0x0000000008001094                TSC_IRQHandler
                0x0000000008001094                TAMP_STAMP_IRQHandler
                0x0000000008001094                EXTI3_IRQHandler
                0x0000000008001094                LPTIM2_IRQHandler
                0x0000000008001094                I2C3_ER_IRQHandler
                0x0000000008001094                EXTI0_IRQHandler
                0x0000000008001094                CAN1_RX0_IRQHandler
                0x0000000008001094                FPU_IRQHandler
                0x0000000008001094                TIM1_UP_TIM16_IRQHandler
                0x0000000008001094                SPI1_IRQHandler
                0x0000000008001094                TIM6_DAC_IRQHandler
                0x0000000008001094                DMA2_Channel2_IRQHandler
                0x0000000008001094                DMA1_Channel4_IRQHandler
                0x0000000008001094                ADC1_IRQHandler
                0x0000000008001094                DMA1_Channel7_IRQHandler
                0x0000000008001094                CAN1_RX1_IRQHandler
                0x0000000008001094                DMA2_Channel1_IRQHandler
                0x0000000008001094                QUADSPI_IRQHandler
                0x0000000008001094                I2C1_EV_IRQHandler
                0x0000000008001094                DMA1_Channel6_IRQHandler
                0x0000000008001094                DMA2_Channel4_IRQHandler
                0x0000000008001094                RCC_IRQHandler
                0x0000000008001094                TIM1_TRG_COM_IRQHandler
                0x0000000008001094                DMA1_Channel1_IRQHandler
                0x0000000008001094                Default_Handler
                0x0000000008001094                DMA2_Channel7_IRQHandler
                0x0000000008001094                EXTI15_10_IRQHandler
                0x0000000008001094                TIM7_IRQHandler
                0x0000000008001094                I2C3_EV_IRQHandler
                0x0000000008001094                USB_IRQHandler
                0x0000000008001094                EXTI9_5_IRQHandler
                0x0000000008001094                RTC_WKUP_IRQHandler
                0x0000000008001094                PVD_PVM_IRQHandler
                0x0000000008001094                CAN1_TX_IRQHandler
                0x0000000008001094                DMA2_Channel5_IRQHandler
                0x0000000008001094                CRS_IRQHandler
                0x0000000008001094                DMA1_Channel5_IRQHandler
                0x0000000008001094                EXTI4_IRQHandler
                0x0000000008001094                RNG_IRQHandler
                0x0000000008001094                DMA1_Channel3_IRQHandler
                0x0000000008001094                COMP_IRQHandler
                0x0000000008001094                WWDG_IRQHandler
                0x0000000008001094                LPUART1_IRQHandler
                0x0000000008001094                DMA2_Channel6_IRQHandler
                0x0000000008001094                EXTI1_IRQHandler
                0x0000000008001094                USART2_IRQHandler
                0x0000000008001094                DMA1_Channel2_IRQHandler
                0x0000000008001094                CAN1_SCE_IRQHandler
                0x0000000008001094                FLASH_IRQHandler
                0x0000000008001094                SPI3_IRQHandler
                0x0000000008001094                I2C1_ER_IRQHandler
                0x0000000008001094                SWPMI1_IRQHandler
                0x0000000008001094                LPTIM1_IRQHandler
                0x0000000008001094                SAI1_IRQHandler
                0x0000000008001094                DMA2_Channel3_IRQHandler
                0x0000000008001094                TIM1_BRK_TIM15_IRQHandler
 .text.HAL_Init
                0x0000000008001096       0x30 ./Drivers/STM32L4xx_HAL_Driver/Src/stm32l4xx_hal.o
                0x0000000008001096                HAL_Init
 *fill*         0x00000000080010c6        0x2 
 .text.HAL_InitTick
                0x00000000080010c8       0x78 ./Drivers/STM32L4xx_HAL_Driver/Src/stm32l4xx_hal.o
                0x00000000080010c8                HAL_InitTick
 .text.HAL_IncTick
                0x0000000008001140       0x28 ./Drivers/STM32L4xx_HAL_Driver/Src/stm32l4xx_hal.o
                0x0000000008001140                HAL_IncTick
 .text.HAL_GetTick
                0x0000000008001168       0x18 ./Drivers/STM32L4xx_HAL_Driver/Src/stm32l4xx_hal.o
                0x0000000008001168                HAL_GetTick
 .text.__NVIC_SetPriorityGrouping
                0x0000000008001180       0x48 ./Drivers/STM32L4xx_HAL_Driver/Src/stm32l4xx_hal_cortex.o
 .text.__NVIC_GetPriorityGrouping
                0x00000000080011c8       0x1c ./Drivers/STM32L4xx_HAL_Driver/Src/stm32l4xx_hal_cortex.o
 .text.__NVIC_SetPriority
                0x00000000080011e4       0x54 ./Drivers/STM32L4xx_HAL_Driver/Src/stm32l4xx_hal_cortex.o
 .text.NVIC_EncodePriority
                0x0000000008001238       0x66 ./Drivers/STM32L4xx_HAL_Driver/Src/stm32l4xx_hal_cortex.o
 *fill*         0x000000000800129e        0x2 
 .text.SysTick_Config
                0x00000000080012a0       0x44 ./Drivers/STM32L4xx_HAL_Driver/Src/stm32l4xx_hal_cortex.o
 .text.HAL_NVIC_SetPriorityGrouping
                0x00000000080012e4       0x16 ./Drivers/STM32L4xx_HAL_Driver/Src/stm32l4xx_hal_cortex.o
                0x00000000080012e4                HAL_NVIC_SetPriorityGrouping
 .text.HAL_NVIC_SetPriority
                0x00000000080012fa       0x38 ./Drivers/STM32L4xx_HAL_Driver/Src/stm32l4xx_hal_cortex.o
                0x00000000080012fa                HAL_NVIC_SetPriority
 .text.HAL_SYSTICK_Config
                0x0000000008001332       0x18 ./Drivers/STM32L4xx_HAL_Driver/Src/stm32l4xx_hal_cortex.o
                0x0000000008001332                HAL_SYSTICK_Config
 *fill*         0x000000000800134a        0x2 
 .text.HAL_PWREx_GetVoltageRange
                0x000000000800134c       0x1c ./Drivers/STM32L4xx_HAL_Driver/Src/stm32l4xx_hal_pwr_ex.o
                0x000000000800134c                HAL_PWREx_GetVoltageRange
 .text.HAL_PWREx_ControlVoltageScaling
                0x0000000008001368       0xac ./Drivers/STM32L4xx_HAL_Driver/Src/stm32l4xx_hal_pwr_ex.o
                0x0000000008001368                HAL_PWREx_ControlVoltageScaling
 .text.HAL_RCC_OscConfig
                0x0000000008001414      0x828 ./Drivers/STM32L4xx_HAL_Driver/Src/stm32l4xx_hal_rcc.o
                0x0000000008001414                HAL_RCC_OscConfig
 .text.HAL_RCC_ClockConfig
                0x0000000008001c3c      0x200 ./Drivers/STM32L4xx_HAL_Driver/Src/stm32l4xx_hal_rcc.o
                0x0000000008001c3c                HAL_RCC_ClockConfig
 .text.HAL_RCC_GetSysClockFreq
                0x0000000008001e3c      0x118 ./Drivers/STM32L4xx_HAL_Driver/Src/stm32l4xx_hal_rcc.o
                0x0000000008001e3c                HAL_RCC_GetSysClockFreq
 .text.RCC_SetFlashLatencyFromMSIRange
                0x0000000008001f54       0xc0 ./Drivers/STM32L4xx_HAL_Driver/Src/stm32l4xx_hal_rcc.o
 .text.memset   0x0000000008002014       0x10 D:/STM32/STM32CubeIDE_1.13.2/STM32CubeIDE/plugins/com.st.stm32cube.ide.mcu.externaltools.gnu-tools-for-stm32.11.3.rel1.win32_1.1.1.202309131626/tools/bin/../lib/gcc/arm-none-eabi/11.3.1/../../../../arm-none-eabi/lib/thumb/v7e-m+fp/hard\libc_nano.a(libc_a-memset.o)
                0x0000000008002014                memset
 .text.__libc_init_array
                0x0000000008002024       0x48 D:/STM32/STM32CubeIDE_1.13.2/STM32CubeIDE/plugins/com.st.stm32cube.ide.mcu.externaltools.gnu-tools-for-stm32.11.3.rel1.win32_1.1.1.202309131626/tools/bin/../lib/gcc/arm-none-eabi/11.3.1/../../../../arm-none-eabi/lib/thumb/v7e-m+fp/hard\libc_nano.a(libc_a-init.o)
                0x0000000008002024                __libc_init_array
 *(.glue_7)
 .glue_7        0x000000000800206c        0x0 linker stubs
 *(.glue_7t)
 .glue_7t       0x000000000800206c        0x0 linker stubs
 *(.eh_frame)
 .eh_frame      0x000000000800206c        0x0 D:/STM32/STM32CubeIDE_1.13.2/STM32CubeIDE/plugins/com.st.stm32cube.ide.mcu.externaltools.gnu-tools-for-stm32.11.3.rel1.win32_1.1.1.202309131626/tools/bin/../lib/gcc/arm-none-eabi/11.3.1/thumb/v7e-m+fp/hard/crtbegin.o
 *(.init)
 .init          0x000000000800206c        0x4 D:/STM32/STM32CubeIDE_1.13.2/STM32CubeIDE/plugins/com.st.stm32cube.ide.mcu.externaltools.gnu-tools-for-stm32.11.3.rel1.win32_1.1.1.202309131626/tools/bin/../lib/gcc/arm-none-eabi/11.3.1/thumb/v7e-m+fp/hard/crti.o
                0x000000000800206c                _init
 .init          0x0000000008002070        0x8 D:/STM32/STM32CubeIDE_1.13.2/STM32CubeIDE/plugins/com.st.stm32cube.ide.mcu.externaltools.gnu-tools-for-stm32.11.3.rel1.win32_1.1.1.202309131626/tools/bin/../lib/gcc/arm-none-eabi/11.3.1/thumb/v7e-m+fp/hard/crtn.o
 *(.fini)
 .fini          0x0000000008002078        0x4 D:/STM32/STM32CubeIDE_1.13.2/STM32CubeIDE/plugins/com.st.stm32cube.ide.mcu.externaltools.gnu-tools-for-stm32.11.3.rel1.win32_1.1.1.202309131626/tools/bin/../lib/gcc/arm-none-eabi/11.3.1/thumb/v7e-m+fp/hard/crti.o
                0x0000000008002078                _fini
 .fini          0x000000000800207c        0x8 D:/STM32/STM32CubeIDE_1.13.2/STM32CubeIDE/plugins/com.st.stm32cube.ide.mcu.externaltools.gnu-tools-for-stm32.11.3.rel1.win32_1.1.1.202309131626/tools/bin/../lib/gcc/arm-none-eabi/11.3.1/thumb/v7e-m+fp/hard/crtn.o
                0x0000000008002084                . = ALIGN (0x4)
                0x0000000008002084                _etext = .

.vfp11_veneer   0x0000000008002084        0x0
 .vfp11_veneer  0x0000000008002084        0x0 linker stubs

.v4_bx          0x0000000008002084        0x0
 .v4_bx         0x0000000008002084        0x0 linker stubs

.iplt           0x0000000008002084        0x0
 .iplt          0x0000000008002084        0x0 D:/STM32/STM32CubeIDE_1.13.2/STM32CubeIDE/plugins/com.st.stm32cube.ide.mcu.externaltools.gnu-tools-for-stm32.11.3.rel1.win32_1.1.1.202309131626/tools/bin/../lib/gcc/arm-none-eabi/11.3.1/thumb/v7e-m+fp/hard/crtbegin.o

.rodata         0x0000000008002084       0x50
                0x0000000008002084                . = ALIGN (0x4)
 *(.rodata)
 .rodata        0x0000000008002084       0x10 ./Core/Src/main.o
 *(.rodata*)
 .rodata.AHBPrescTable
                0x0000000008002094       0x10 ./Core/Src/system_stm32l4xx.o
                0x0000000008002094                AHBPrescTable
 .rodata.MSIRangeTable
                0x00000000080020a4       0x30 ./Core/Src/system_stm32l4xx.o
                0x00000000080020a4                MSIRangeTable
                0x00000000080020d4                . = ALIGN (0x4)

.rel.dyn        0x00000000080020d4        0x0
 .rel.iplt      0x00000000080020d4        0x0 D:/STM32/STM32CubeIDE_1.13.2/STM32CubeIDE/plugins/com.st.stm32cube.ide.mcu.externaltools.gnu-tools-for-stm32.11.3.rel1.win32_1.1.1.202309131626/tools/bin/../lib/gcc/arm-none-eabi/11.3.1/thumb/v7e-m+fp/hard/crtbegin.o

.ARM.extab      0x00000000080020d4        0x0
                0x00000000080020d4                . = ALIGN (0x4)
 *(.ARM.extab* .gnu.linkonce.armextab.*)
                0x00000000080020d4                . = ALIGN (0x4)

.ARM            0x00000000080020d4        0x0
                0x00000000080020d4                . = ALIGN (0x4)
                0x00000000080020d4                __exidx_start = .
 *(.ARM.exidx*)
                0x00000000080020d4                __exidx_end = .
                0x00000000080020d4                . = ALIGN (0x4)

.preinit_array  0x00000000080020d4        0x0
                0x00000000080020d4                . = ALIGN (0x4)
                0x00000000080020d4                PROVIDE (__preinit_array_start = .)
 *(.preinit_array*)
                0x00000000080020d4                PROVIDE (__preinit_array_end = .)
                0x00000000080020d4                . = ALIGN (0x4)

.init_array     0x00000000080020d4        0x4
                0x00000000080020d4                . = ALIGN (0x4)
                0x00000000080020d4                PROVIDE (__init_array_start = .)
 *(SORT_BY_NAME(.init_array.*))
 *(.init_array*)
 .init_array    0x00000000080020d4        0x4 D:/STM32/STM32CubeIDE_1.13.2/STM32CubeIDE/plugins/com.st.stm32cube.ide.mcu.externaltools.gnu-tools-for-stm32.11.3.rel1.win32_1.1.1.202309131626/tools/bin/../lib/gcc/arm-none-eabi/11.3.1/thumb/v7e-m+fp/hard/crtbegin.o
                0x00000000080020d8                PROVIDE (__init_array_end = .)
                0x00000000080020d8                . = ALIGN (0x4)

.fini_array     0x00000000080020d8        0x4
                0x00000000080020d8                . = ALIGN (0x4)
                [!provide]                        PROVIDE (__fini_array_start = .)
 *(SORT_BY_NAME(.fini_array.*))
 *(.fini_array*)
 .fini_array    0x00000000080020d8        0x4 D:/STM32/STM32CubeIDE_1.13.2/STM32CubeIDE/plugins/com.st.stm32cube.ide.mcu.externaltools.gnu-tools-for-stm32.11.3.rel1.win32_1.1.1.202309131626/tools/bin/../lib/gcc/arm-none-eabi/11.3.1/thumb/v7e-m+fp/hard/crtbegin.o
                [!provide]                        PROVIDE (__fini_array_end = .)
                0x00000000080020dc                . = ALIGN (0x4)
                0x00000000080020dc                _sidata = LOADADDR (.data)

.data           0x0000000020000000       0x10 load address 0x00000000080020dc
                0x0000000020000000                . = ALIGN (0x4)
                0x0000000020000000                _sdata = .
 *(.data)
 *(.data*)
 .data.infra_1  0x0000000020000000        0x1 ./Core/Lib/Moduli/Senzor/Senzor.o
                0x0000000020000000                infra_1
 *fill*         0x0000000020000001        0x3 
 .data.SystemCoreClock
                0x0000000020000004        0x4 ./Core/Src/system_stm32l4xx.o
                0x0000000020000004                SystemCoreClock
 .data.uwTickPrio
                0x0000000020000008        0x4 ./Drivers/STM32L4xx_HAL_Driver/Src/stm32l4xx_hal.o
                0x0000000020000008                uwTickPrio
 .data.uwTickFreq
                0x000000002000000c        0x1 ./Drivers/STM32L4xx_HAL_Driver/Src/stm32l4xx_hal.o
                0x000000002000000c                uwTickFreq
 *(.RamFunc)
 *(.RamFunc*)
                0x0000000020000010                . = ALIGN (0x4)
 *fill*         0x000000002000000d        0x3 
                0x0000000020000010                _edata = .

.igot.plt       0x0000000020000010        0x0 load address 0x00000000080020ec
 .igot.plt      0x0000000020000010        0x0 D:/STM32/STM32CubeIDE_1.13.2/STM32CubeIDE/plugins/com.st.stm32cube.ide.mcu.externaltools.gnu-tools-for-stm32.11.3.rel1.win32_1.1.1.202309131626/tools/bin/../lib/gcc/arm-none-eabi/11.3.1/thumb/v7e-m+fp/hard/crtbegin.o
                0x0000000020000010                . = ALIGN (0x4)

.bss            0x0000000020000010       0x50 load address 0x00000000080020ec
                0x0000000020000010                _sbss = .
                0x0000000020000010                __bss_start__ = _sbss
 *(.bss)
 .bss           0x0000000020000010       0x1c D:/STM32/STM32CubeIDE_1.13.2/STM32CubeIDE/plugins/com.st.stm32cube.ide.mcu.externaltools.gnu-tools-for-stm32.11.3.rel1.win32_1.1.1.202309131626/tools/bin/../lib/gcc/arm-none-eabi/11.3.1/thumb/v7e-m+fp/hard/crtbegin.o
 *(.bss*)
 .bss.tactic_state
                0x000000002000002c        0x1 ./Core/Lib/Moduli/Strategije/Strategije.o
                0x000000002000002c                tactic_state
 .bss.counter   0x000000002000002d        0x1 ./Core/Lib/Periferije/IO/IO.o
                0x000000002000002d                counter
 *fill*         0x000000002000002e        0x2 
 .bss.sys_time_ms
                0x0000000020000030        0x4 ./Core/Lib/Periferije/Tajmer/Tajmer.o
                0x0000000020000030                sys_time_ms
 .bss.sensors_case_timer
                0x0000000020000034        0x1 ./Core/Lib/Periferije/Tajmer/Tajmer.o
                0x0000000020000034                sensors_case_timer
 .bss.interrupted
                0x0000000020000035        0x1 ./Core/Lib/Periferije/Tajmer/Tajmer.o
                0x0000000020000035                interrupted
 *fill*         0x0000000020000036        0x2 
 .bss.buffer    0x0000000020000038       0x20 ./Core/Lib/Periferije/UART/UART.o
 .bss.buffer_size
                0x0000000020000058        0x1 ./Core/Lib/Periferije/UART/UART.o
 .bss.index_write
                0x0000000020000059        0x1 ./Core/Lib/Periferije/UART/UART.o
 .bss.index_read
                0x000000002000005a        0x1 ./Core/Lib/Periferije/UART/UART.o
 *fill*         0x000000002000005b        0x1 
 .bss.uwTick    0x000000002000005c        0x4 ./Drivers/STM32L4xx_HAL_Driver/Src/stm32l4xx_hal.o
                0x000000002000005c                uwTick
 *(COMMON)
                0x0000000020000060                . = ALIGN (0x4)
                0x0000000020000060                _ebss = .
                0x0000000020000060                __bss_end__ = _ebss

._user_heap_stack
                0x0000000020000060      0x600 load address 0x00000000080020ec
                0x0000000020000060                . = ALIGN (0x8)
                [!provide]                        PROVIDE (end = .)
                0x0000000020000060                PROVIDE (_end = .)
                0x0000000020000260                . = (. + _Min_Heap_Size)
 *fill*         0x0000000020000060      0x200 
                0x0000000020000660                . = (. + _Min_Stack_Size)
 *fill*         0x0000000020000260      0x400 
                0x0000000020000660                . = ALIGN (0x8)

/DISCARD/
 libc.a(*)
 libm.a(*)
 libgcc.a(*)

.ARM.attributes
                0x0000000000000000       0x30
 *(.ARM.attributes)
 .ARM.attributes
                0x0000000000000000       0x1e D:/STM32/STM32CubeIDE_1.13.2/STM32CubeIDE/plugins/com.st.stm32cube.ide.mcu.externaltools.gnu-tools-for-stm32.11.3.rel1.win32_1.1.1.202309131626/tools/bin/../lib/gcc/arm-none-eabi/11.3.1/thumb/v7e-m+fp/hard/crti.o
 .ARM.attributes
                0x000000000000001e       0x34 D:/STM32/STM32CubeIDE_1.13.2/STM32CubeIDE/plugins/com.st.stm32cube.ide.mcu.externaltools.gnu-tools-for-stm32.11.3.rel1.win32_1.1.1.202309131626/tools/bin/../lib/gcc/arm-none-eabi/11.3.1/thumb/v7e-m+fp/hard/crtbegin.o
 .ARM.attributes
                0x0000000000000052       0x34 ./Core/Lib/Moduli/AX12a/AX12a.o
 .ARM.attributes
                0x0000000000000086       0x34 ./Core/Lib/Moduli/Senzor/Senzor.o
 .ARM.attributes
                0x00000000000000ba       0x34 ./Core/Lib/Moduli/Strategije/Strategije.o
 .ARM.attributes
                0x00000000000000ee       0x34 ./Core/Lib/Periferije/IO/IO.o
 .ARM.attributes
                0x0000000000000122       0x34 ./Core/Lib/Periferije/Tajmer/Tajmer.o
 .ARM.attributes
                0x0000000000000156       0x34 ./Core/Lib/Periferije/UART/UART.o
 .ARM.attributes
                0x000000000000018a       0x34 ./Core/Src/main.o
 .ARM.attributes
                0x00000000000001be       0x34 ./Core/Src/stm32l4xx_hal_msp.o
 .ARM.attributes
                0x00000000000001f2       0x34 ./Core/Src/stm32l4xx_it.o
 .ARM.attributes
                0x0000000000000226       0x34 ./Core/Src/system_stm32l4xx.o
 .ARM.attributes
                0x000000000000025a       0x21 ./Core/Startup/startup_stm32l432kcux.o
 .ARM.attributes
                0x000000000000027b       0x34 ./Drivers/STM32L4xx_HAL_Driver/Src/stm32l4xx_hal.o
 .ARM.attributes
                0x00000000000002af       0x34 ./Drivers/STM32L4xx_HAL_Driver/Src/stm32l4xx_hal_cortex.o
 .ARM.attributes
                0x00000000000002e3       0x34 ./Drivers/STM32L4xx_HAL_Driver/Src/stm32l4xx_hal_pwr_ex.o
 .ARM.attributes
                0x0000000000000317       0x34 ./Drivers/STM32L4xx_HAL_Driver/Src/stm32l4xx_hal_rcc.o
 .ARM.attributes
                0x000000000000034b       0x34 D:/STM32/STM32CubeIDE_1.13.2/STM32CubeIDE/plugins/com.st.stm32cube.ide.mcu.externaltools.gnu-tools-for-stm32.11.3.rel1.win32_1.1.1.202309131626/tools/bin/../lib/gcc/arm-none-eabi/11.3.1/../../../../arm-none-eabi/lib/thumb/v7e-m+fp/hard\libc_nano.a(libc_a-memset.o)
 .ARM.attributes
                0x000000000000037f       0x34 D:/STM32/STM32CubeIDE_1.13.2/STM32CubeIDE/plugins/com.st.stm32cube.ide.mcu.externaltools.gnu-tools-for-stm32.11.3.rel1.win32_1.1.1.202309131626/tools/bin/../lib/gcc/arm-none-eabi/11.3.1/../../../../arm-none-eabi/lib/thumb/v7e-m+fp/hard\libc_nano.a(libc_a-init.o)
 .ARM.attributes
                0x00000000000003b3       0x1e D:/STM32/STM32CubeIDE_1.13.2/STM32CubeIDE/plugins/com.st.stm32cube.ide.mcu.externaltools.gnu-tools-for-stm32.11.3.rel1.win32_1.1.1.202309131626/tools/bin/../lib/gcc/arm-none-eabi/11.3.1/thumb/v7e-m+fp/hard/crtn.o
OUTPUT(Simeon.elf elf32-littlearm)
LOAD linker stubs
LOAD D:/STM32/STM32CubeIDE_1.13.2/STM32CubeIDE/plugins/com.st.stm32cube.ide.mcu.externaltools.gnu-tools-for-stm32.11.3.rel1.win32_1.1.1.202309131626/tools/bin/../lib/gcc/arm-none-eabi/11.3.1/../../../../arm-none-eabi/lib/thumb/v7e-m+fp/hard\libc.a
LOAD D:/STM32/STM32CubeIDE_1.13.2/STM32CubeIDE/plugins/com.st.stm32cube.ide.mcu.externaltools.gnu-tools-for-stm32.11.3.rel1.win32_1.1.1.202309131626/tools/bin/../lib/gcc/arm-none-eabi/11.3.1/../../../../arm-none-eabi/lib/thumb/v7e-m+fp/hard\libm.a
LOAD D:/STM32/STM32CubeIDE_1.13.2/STM32CubeIDE/plugins/com.st.stm32cube.ide.mcu.externaltools.gnu-tools-for-stm32.11.3.rel1.win32_1.1.1.202309131626/tools/bin/../lib/gcc/arm-none-eabi/11.3.1/thumb/v7e-m+fp/hard\libgcc.a

.comment        0x0000000000000000       0x43
 .comment       0x0000000000000000       0x43 D:/STM32/STM32CubeIDE_1.13.2/STM32CubeIDE/plugins/com.st.stm32cube.ide.mcu.externaltools.gnu-tools-for-stm32.11.3.rel1.win32_1.1.1.202309131626/tools/bin/../lib/gcc/arm-none-eabi/11.3.1/thumb/v7e-m+fp/hard/crtbegin.o
                                         0x44 (size before relaxing)
 .comment       0x0000000000000043       0x44 ./Core/Lib/Moduli/AX12a/AX12a.o
 .comment       0x0000000000000043       0x44 ./Core/Lib/Moduli/Senzor/Senzor.o
 .comment       0x0000000000000043       0x44 ./Core/Lib/Moduli/Strategije/Strategije.o
 .comment       0x0000000000000043       0x44 ./Core/Lib/Periferije/IO/IO.o
 .comment       0x0000000000000043       0x44 ./Core/Lib/Periferije/Tajmer/Tajmer.o
 .comment       0x0000000000000043       0x44 ./Core/Lib/Periferije/UART/UART.o
 .comment       0x0000000000000043       0x44 ./Core/Src/main.o
 .comment       0x0000000000000043       0x44 ./Core/Src/stm32l4xx_hal_msp.o
 .comment       0x0000000000000043       0x44 ./Core/Src/stm32l4xx_it.o
 .comment       0x0000000000000043       0x44 ./Core/Src/system_stm32l4xx.o
 .comment       0x0000000000000043       0x44 ./Drivers/STM32L4xx_HAL_Driver/Src/stm32l4xx_hal.o
 .comment       0x0000000000000043       0x44 ./Drivers/STM32L4xx_HAL_Driver/Src/stm32l4xx_hal_cortex.o
 .comment       0x0000000000000043       0x44 ./Drivers/STM32L4xx_HAL_Driver/Src/stm32l4xx_hal_pwr_ex.o
 .comment       0x0000000000000043       0x44 ./Drivers/STM32L4xx_HAL_Driver/Src/stm32l4xx_hal_rcc.o

.debug_info     0x0000000000000000     0x5282
 .debug_info    0x0000000000000000      0x347 ./Core/Lib/Moduli/AX12a/AX12a.o
 .debug_info    0x0000000000000347      0x388 ./Core/Lib/Moduli/Senzor/Senzor.o
 .debug_info    0x00000000000006cf      0x19c ./Core/Lib/Moduli/Strategije/Strategije.o
 .debug_info    0x000000000000086b      0x3e5 ./Core/Lib/Periferije/IO/IO.o
 .debug_info    0x0000000000000c50      0x68a ./Core/Lib/Periferije/Tajmer/Tajmer.o
 .debug_info    0x00000000000012da      0x713 ./Core/Lib/Periferije/UART/UART.o
 .debug_info    0x00000000000019ed      0x38c ./Core/Src/main.o
 .debug_info    0x0000000000001d79      0x2c5 ./Core/Src/stm32l4xx_hal_msp.o
 .debug_info    0x000000000000203e      0x113 ./Core/Src/stm32l4xx_it.o
 .debug_info    0x0000000000002151      0x5bf ./Core/Src/system_stm32l4xx.o
 .debug_info    0x0000000000002710       0x23 ./Core/Startup/startup_stm32l432kcux.o
 .debug_info    0x0000000000002733      0x99e ./Drivers/STM32L4xx_HAL_Driver/Src/stm32l4xx_hal.o
 .debug_info    0x00000000000030d1      0xcce ./Drivers/STM32L4xx_HAL_Driver/Src/stm32l4xx_hal_cortex.o
 .debug_info    0x0000000000003d9f      0x920 ./Drivers/STM32L4xx_HAL_Driver/Src/stm32l4xx_hal_pwr_ex.o
 .debug_info    0x00000000000046bf      0xbc3 ./Drivers/STM32L4xx_HAL_Driver/Src/stm32l4xx_hal_rcc.o

.debug_abbrev   0x0000000000000000     0x155c
 .debug_abbrev  0x0000000000000000      0x104 ./Core/Lib/Moduli/AX12a/AX12a.o
 .debug_abbrev  0x0000000000000104       0xf4 ./Core/Lib/Moduli/Senzor/Senzor.o
 .debug_abbrev  0x00000000000001f8       0xe4 ./Core/Lib/Moduli/Strategije/Strategije.o
 .debug_abbrev  0x00000000000002dc      0x12a ./Core/Lib/Periferije/IO/IO.o
 .debug_abbrev  0x0000000000000406      0x1a5 ./Core/Lib/Periferije/Tajmer/Tajmer.o
 .debug_abbrev  0x00000000000005ab      0x180 ./Core/Lib/Periferije/UART/UART.o
 .debug_abbrev  0x000000000000072b      0x1bc ./Core/Src/main.o
 .debug_abbrev  0x00000000000008e7       0xc6 ./Core/Src/stm32l4xx_hal_msp.o
 .debug_abbrev  0x00000000000009ad       0x73 ./Core/Src/stm32l4xx_it.o
 .debug_abbrev  0x0000000000000a20      0x11a ./Core/Src/system_stm32l4xx.o
 .debug_abbrev  0x0000000000000b3a       0x12 ./Core/Startup/startup_stm32l432kcux.o
 .debug_abbrev  0x0000000000000b4c      0x225 ./Drivers/STM32L4xx_HAL_Driver/Src/stm32l4xx_hal.o
 .debug_abbrev  0x0000000000000d71      0x327 ./Drivers/STM32L4xx_HAL_Driver/Src/stm32l4xx_hal_cortex.o
 .debug_abbrev  0x0000000000001098      0x1f9 ./Drivers/STM32L4xx_HAL_Driver/Src/stm32l4xx_hal_pwr_ex.o
 .debug_abbrev  0x0000000000001291      0x2cb ./Drivers/STM32L4xx_HAL_Driver/Src/stm32l4xx_hal_rcc.o

.debug_aranges  0x0000000000000000      0x648
 .debug_aranges
                0x0000000000000000       0x40 ./Core/Lib/Moduli/AX12a/AX12a.o
 .debug_aranges
                0x0000000000000040       0x30 ./Core/Lib/Moduli/Senzor/Senzor.o
 .debug_aranges
                0x0000000000000070       0x28 ./Core/Lib/Moduli/Strategije/Strategije.o
 .debug_aranges
                0x0000000000000098       0x48 ./Core/Lib/Periferije/IO/IO.o
 .debug_aranges
                0x00000000000000e0       0x40 ./Core/Lib/Periferije/Tajmer/Tajmer.o
 .debug_aranges
                0x0000000000000120       0x50 ./Core/Lib/Periferije/UART/UART.o
 .debug_aranges
                0x0000000000000170       0x30 ./Core/Src/main.o
 .debug_aranges
                0x00000000000001a0       0x20 ./Core/Src/stm32l4xx_hal_msp.o
 .debug_aranges
                0x00000000000001c0       0x60 ./Core/Src/stm32l4xx_it.o
 .debug_aranges
                0x0000000000000220       0x28 ./Core/Src/system_stm32l4xx.o
 .debug_aranges
                0x0000000000000248       0x28 ./Core/Startup/startup_stm32l432kcux.o
 .debug_aranges
                0x0000000000000270      0x108 ./Drivers/STM32L4xx_HAL_Driver/Src/stm32l4xx_hal.o
 .debug_aranges
                0x0000000000000378      0x118 ./Drivers/STM32L4xx_HAL_Driver/Src/stm32l4xx_hal_cortex.o
 .debug_aranges
                0x0000000000000490      0x128 ./Drivers/STM32L4xx_HAL_Driver/Src/stm32l4xx_hal_pwr_ex.o
 .debug_aranges
                0x00000000000005b8       0x90 ./Drivers/STM32L4xx_HAL_Driver/Src/stm32l4xx_hal_rcc.o

.debug_rnglists
                0x0000000000000000      0x482
 .debug_rnglists
                0x0000000000000000       0x2e ./Core/Lib/Moduli/AX12a/AX12a.o
 .debug_rnglists
                0x000000000000002e       0x1f ./Core/Lib/Moduli/Senzor/Senzor.o
 .debug_rnglists
                0x000000000000004d       0x1a ./Core/Lib/Moduli/Strategije/Strategije.o
 .debug_rnglists
                0x0000000000000067       0x32 ./Core/Lib/Periferije/IO/IO.o
 .debug_rnglists
                0x0000000000000099       0x2c ./Core/Lib/Periferije/Tajmer/Tajmer.o
 .debug_rnglists
                0x00000000000000c5       0x39 ./Core/Lib/Periferije/UART/UART.o
 .debug_rnglists
                0x00000000000000fe       0x20 ./Core/Src/main.o
 .debug_rnglists
                0x000000000000011e       0x13 ./Core/Src/stm32l4xx_hal_msp.o
 .debug_rnglists
                0x0000000000000131       0x43 ./Core/Src/stm32l4xx_it.o
 .debug_rnglists
                0x0000000000000174       0x1a ./Core/Src/system_stm32l4xx.o
 .debug_rnglists
                0x000000000000018e       0x19 ./Core/Startup/startup_stm32l432kcux.o
 .debug_rnglists
                0x00000000000001a7       0xc1 ./Drivers/STM32L4xx_HAL_Driver/Src/stm32l4xx_hal.o
 .debug_rnglists
                0x0000000000000268       0xce ./Drivers/STM32L4xx_HAL_Driver/Src/stm32l4xx_hal_cortex.o
 .debug_rnglists
                0x0000000000000336       0xdf ./Drivers/STM32L4xx_HAL_Driver/Src/stm32l4xx_hal_pwr_ex.o
 .debug_rnglists
                0x0000000000000415       0x6d ./Drivers/STM32L4xx_HAL_Driver/Src/stm32l4xx_hal_rcc.o

.debug_macro    0x0000000000000000    0x1ebbd
 .debug_macro   0x0000000000000000      0x1c6 ./Core/Lib/Moduli/AX12a/AX12a.o
 .debug_macro   0x00000000000001c6      0xaa8 ./Core/Lib/Moduli/AX12a/AX12a.o
 .debug_macro   0x0000000000000c6e       0x22 ./Core/Lib/Moduli/AX12a/AX12a.o
 .debug_macro   0x0000000000000c90       0x8e ./Core/Lib/Moduli/AX12a/AX12a.o
 .debug_macro   0x0000000000000d1e       0x51 ./Core/Lib/Moduli/AX12a/AX12a.o
 .debug_macro   0x0000000000000d6f      0x103 ./Core/Lib/Moduli/AX12a/AX12a.o
 .debug_macro   0x0000000000000e72       0x6a ./Core/Lib/Moduli/AX12a/AX12a.o
 .debug_macro   0x0000000000000edc      0x1df ./Core/Lib/Moduli/AX12a/AX12a.o
 .debug_macro   0x00000000000010bb       0x22 ./Core/Lib/Moduli/AX12a/AX12a.o
 .debug_macro   0x00000000000010dd       0x2e ./Core/Lib/Moduli/AX12a/AX12a.o
 .debug_macro   0x000000000000110b       0x2e ./Core/Lib/Moduli/AX12a/AX12a.o
 .debug_macro   0x0000000000001139       0x28 ./Core/Lib/Moduli/AX12a/AX12a.o
 .debug_macro   0x0000000000001161       0x1c ./Core/Lib/Moduli/AX12a/AX12a.o
 .debug_macro   0x000000000000117d       0x22 ./Core/Lib/Moduli/AX12a/AX12a.o
 .debug_macro   0x000000000000119f       0xfb ./Core/Lib/Moduli/AX12a/AX12a.o
 .debug_macro   0x000000000000129a     0x1011 ./Core/Lib/Moduli/AX12a/AX12a.o
 .debug_macro   0x00000000000022ab      0x11f ./Core/Lib/Moduli/AX12a/AX12a.o
 .debug_macro   0x00000000000023ca    0x147a6 ./Core/Lib/Moduli/AX12a/AX12a.o
 .debug_macro   0x0000000000016b70       0x6d ./Core/Lib/Moduli/AX12a/AX12a.o
 .debug_macro   0x0000000000016bdd      0x19b ./Core/Lib/Moduli/AX12a/AX12a.o
 .debug_macro   0x0000000000016d78     0x38e6 ./Core/Lib/Moduli/AX12a/AX12a.o
 .debug_macro   0x000000000001a65e      0x174 ./Core/Lib/Moduli/AX12a/AX12a.o
 .debug_macro   0x000000000001a7d2       0x5c ./Core/Lib/Moduli/AX12a/AX12a.o
 .debug_macro   0x000000000001a82e     0x11ca ./Core/Lib/Moduli/AX12a/AX12a.o
 .debug_macro   0x000000000001b9f8      0x53c ./Core/Lib/Moduli/AX12a/AX12a.o
 .debug_macro   0x000000000001bf34      0x1b9 ./Core/Lib/Moduli/AX12a/AX12a.o
 .debug_macro   0x000000000001c0ed      0x122 ./Core/Lib/Moduli/AX12a/AX12a.o
 .debug_macro   0x000000000001c20f      0x26b ./Core/Lib/Moduli/AX12a/AX12a.o
 .debug_macro   0x000000000001c47a      0x23d ./Core/Lib/Moduli/AX12a/AX12a.o
 .debug_macro   0x000000000001c6b7      0x241 ./Core/Lib/Moduli/AX12a/AX12a.o
 .debug_macro   0x000000000001c8f8      0x375 ./Core/Lib/Moduli/AX12a/AX12a.o
 .debug_macro   0x000000000001cc6d       0xd6 ./Core/Lib/Moduli/AX12a/AX12a.o
 .debug_macro   0x000000000001cd43      0x122 ./Core/Lib/Moduli/AX12a/AX12a.o
 .debug_macro   0x000000000001ce65      0x356 ./Core/Lib/Moduli/AX12a/AX12a.o
 .debug_macro   0x000000000001d1bb      0x220 ./Core/Lib/Moduli/AX12a/AX12a.o
 .debug_macro   0x000000000001d3db      0x1b5 ./Core/Lib/Moduli/Senzor/Senzor.o
 .debug_macro   0x000000000001d590      0x1f7 ./Core/Lib/Moduli/Strategije/Strategije.o
 .debug_macro   0x000000000001d787       0x16 ./Core/Lib/Moduli/Strategije/Strategije.o
 .debug_macro   0x000000000001d79d       0x34 ./Core/Lib/Moduli/Strategije/Strategije.o
 .debug_macro   0x000000000001d7d1      0x1ab ./Core/Lib/Periferije/IO/IO.o
 .debug_macro   0x000000000001d97c      0x203 ./Core/Lib/Periferije/Tajmer/Tajmer.o
 .debug_macro   0x000000000001db7f       0x10 ./Core/Lib/Periferije/Tajmer/Tajmer.o
 .debug_macro   0x000000000001db8f      0x1b1 ./Core/Lib/Periferije/UART/UART.o
 .debug_macro   0x000000000001dd40      0x1ef ./Core/Src/main.o
 .debug_macro   0x000000000001df2f      0x1ef ./Core/Src/stm32l4xx_hal_msp.o
 .debug_macro   0x000000000001e11e      0x1f9 ./Core/Src/stm32l4xx_it.o
 .debug_macro   0x000000000001e317      0x198 ./Core/Src/system_stm32l4xx.o
 .debug_macro   0x000000000001e4af      0x1e0 ./Drivers/STM32L4xx_HAL_Driver/Src/stm32l4xx_hal.o
 .debug_macro   0x000000000001e68f      0x198 ./Drivers/STM32L4xx_HAL_Driver/Src/stm32l4xx_hal_cortex.o
 .debug_macro   0x000000000001e827      0x1bc ./Drivers/STM32L4xx_HAL_Driver/Src/stm32l4xx_hal_pwr_ex.o
 .debug_macro   0x000000000001e9e3      0x1da ./Drivers/STM32L4xx_HAL_Driver/Src/stm32l4xx_hal_rcc.o

.debug_line     0x0000000000000000     0x897e
 .debug_line    0x0000000000000000      0x8dd ./Core/Lib/Moduli/AX12a/AX12a.o
 .debug_line    0x00000000000008dd      0x792 ./Core/Lib/Moduli/Senzor/Senzor.o
 .debug_line    0x000000000000106f      0x9cd ./Core/Lib/Moduli/Strategije/Strategije.o
 .debug_line    0x0000000000001a3c      0x800 ./Core/Lib/Periferije/IO/IO.o
 .debug_line    0x000000000000223c      0x9b2 ./Core/Lib/Periferije/Tajmer/Tajmer.o
 .debug_line    0x0000000000002bee      0x927 ./Core/Lib/Periferije/UART/UART.o
 .debug_line    0x0000000000003515      0x8d6 ./Core/Src/main.o
 .debug_line    0x0000000000003deb      0x846 ./Core/Src/stm32l4xx_hal_msp.o
 .debug_line    0x0000000000004631      0x908 ./Core/Src/stm32l4xx_it.o
 .debug_line    0x0000000000004f39      0x787 ./Core/Src/system_stm32l4xx.o
 .debug_line    0x00000000000056c0       0x7a ./Core/Startup/startup_stm32l432kcux.o
 .debug_line    0x000000000000573a      0xa4c ./Drivers/STM32L4xx_HAL_Driver/Src/stm32l4xx_hal.o
 .debug_line    0x0000000000006186      0xc86 ./Drivers/STM32L4xx_HAL_Driver/Src/stm32l4xx_hal_cortex.o
 .debug_line    0x0000000000006e0c      0xbde ./Drivers/STM32L4xx_HAL_Driver/Src/stm32l4xx_hal_pwr_ex.o
 .debug_line    0x00000000000079ea      0xf94 ./Drivers/STM32L4xx_HAL_Driver/Src/stm32l4xx_hal_rcc.o

.debug_str      0x0000000000000000    0xb5f4a
 .debug_str     0x0000000000000000    0xb40a7 ./Core/Lib/Moduli/AX12a/AX12a.o
                                      0xb4339 (size before relaxing)
 .debug_str     0x00000000000b40a7      0x20a ./Core/Lib/Moduli/Senzor/Senzor.o
                                      0xb4331 (size before relaxing)
 .debug_str     0x00000000000b42b1      0x133 ./Core/Lib/Moduli/Strategije/Strategije.o
                                      0xb4351 (size before relaxing)
 .debug_str     0x00000000000b43e4       0x5b ./Core/Lib/Periferije/IO/IO.o
                                      0xb431e (size before relaxing)
 .debug_str     0x00000000000b443f       0xe6 ./Core/Lib/Periferije/Tajmer/Tajmer.o
                                      0xb4542 (size before relaxing)
 .debug_str     0x00000000000b4525      0x137 ./Core/Lib/Periferije/UART/UART.o
                                      0xb4423 (size before relaxing)
 .debug_str     0x00000000000b465c      0x236 ./Core/Src/main.o
                                      0xb44e4 (size before relaxing)
 .debug_str     0x00000000000b4892       0x33 ./Core/Src/stm32l4xx_hal_msp.o
                                      0xb43e4 (size before relaxing)
 .debug_str     0x00000000000b48c5       0xc9 ./Core/Src/stm32l4xx_it.o
                                      0xb431a (size before relaxing)
 .debug_str     0x00000000000b498e       0xf2 ./Core/Src/system_stm32l4xx.o
                                      0xb432c (size before relaxing)
 .debug_str     0x00000000000b4a80       0x34 ./Core/Startup/startup_stm32l432kcux.o
                                         0x6d (size before relaxing)
 .debug_str     0x00000000000b4ab4      0x909 ./Drivers/STM32L4xx_HAL_Driver/Src/stm32l4xx_hal.o
                                      0xb4cb9 (size before relaxing)
 .debug_str     0x00000000000b53bd      0x328 ./Drivers/STM32L4xx_HAL_Driver/Src/stm32l4xx_hal_cortex.o
                                      0xb4a5a (size before relaxing)
 .debug_str     0x00000000000b56e5      0x495 ./Drivers/STM32L4xx_HAL_Driver/Src/stm32l4xx_hal_pwr_ex.o
                                      0xb47d4 (size before relaxing)
 .debug_str     0x00000000000b5b7a      0x3d0 ./Drivers/STM32L4xx_HAL_Driver/Src/stm32l4xx_hal_rcc.o
                                      0xb492c (size before relaxing)

.debug_frame    0x0000000000000000     0x15b0
 .debug_frame   0x0000000000000000       0xc8 ./Core/Lib/Moduli/AX12a/AX12a.o
 .debug_frame   0x00000000000000c8       0x6c ./Core/Lib/Moduli/Senzor/Senzor.o
 .debug_frame   0x0000000000000134       0x5c ./Core/Lib/Moduli/Strategije/Strategije.o
 .debug_frame   0x0000000000000190       0xd4 ./Core/Lib/Periferije/IO/IO.o
 .debug_frame   0x0000000000000264       0xc0 ./Core/Lib/Periferije/Tajmer/Tajmer.o
 .debug_frame   0x0000000000000324      0x10c ./Core/Lib/Periferije/UART/UART.o
 .debug_frame   0x0000000000000430       0x6c ./Core/Src/main.o
 .debug_frame   0x000000000000049c       0x38 ./Core/Src/stm32l4xx_hal_msp.o
 .debug_frame   0x00000000000004d4      0x104 ./Core/Src/stm32l4xx_it.o
 .debug_frame   0x00000000000005d8       0x58 ./Core/Src/system_stm32l4xx.o
 .debug_frame   0x0000000000000630      0x3dc ./Drivers/STM32L4xx_HAL_Driver/Src/stm32l4xx_hal.o
 .debug_frame   0x0000000000000a0c      0x498 ./Drivers/STM32L4xx_HAL_Driver/Src/stm32l4xx_hal_cortex.o
 .debug_frame   0x0000000000000ea4      0x4a4 ./Drivers/STM32L4xx_HAL_Driver/Src/stm32l4xx_hal_pwr_ex.o
 .debug_frame   0x0000000000001348      0x21c ./Drivers/STM32L4xx_HAL_Driver/Src/stm32l4xx_hal_rcc.o
 .debug_frame   0x0000000000001564       0x20 D:/STM32/STM32CubeIDE_1.13.2/STM32CubeIDE/plugins/com.st.stm32cube.ide.mcu.externaltools.gnu-tools-for-stm32.11.3.rel1.win32_1.1.1.202309131626/tools/bin/../lib/gcc/arm-none-eabi/11.3.1/../../../../arm-none-eabi/lib/thumb/v7e-m+fp/hard\libc_nano.a(libc_a-memset.o)
 .debug_frame   0x0000000000001584       0x2c D:/STM32/STM32CubeIDE_1.13.2/STM32CubeIDE/plugins/com.st.stm32cube.ide.mcu.externaltools.gnu-tools-for-stm32.11.3.rel1.win32_1.1.1.202309131626/tools/bin/../lib/gcc/arm-none-eabi/11.3.1/../../../../arm-none-eabi/lib/thumb/v7e-m+fp/hard\libc_nano.a(libc_a-init.o)

.debug_line_str
                0x0000000000000000       0x61
 .debug_line_str
                0x0000000000000000       0x61 ./Core/Startup/startup_stm32l432kcux.o
                                         0x79 (size before relaxing)
