../Core/Lib/Periferije/IO/IO.c:25:1:io	8	static
../Core/Lib/Periferije/IO/IO.c:33:1:portC_init	4	static
../Core/Lib/Periferije/IO/IO.c:39:1:portB_init	4	static
../Core/Lib/Periferije/IO/IO.c:51:1:portA_init	4	static
../Core/Lib/Periferije/IO/IO.c:77:1:io_led	16	static
../Core/Lib/Periferije/IO/IO.c:89:1:IO_cinc	4	static
../Core/Lib/Periferije/IO/IO.c:101:1:Taktika_SIMA_DRUGI_2	8	static
../Core/Lib/Periferije/IO/IO.c:110:1:Taktika_SIMA_TRECI_3	8	static
../Core/Lib/Periferije/IO/IO.c:119:1:Taktika_SIMA_CETVRTI_4	8	static
